Microchip MPLAB XC8 Compiler V2.36

Linker command line:

-W-3 --edf=C:\Program Files\Microchip\xc8\v2.36\pic\dat\en_msgs.txt -cn \
  -h+dist/default/production\lucesproject.X.production.sym \
  --cmf=dist/default/production\lucesproject.X.production.cmf -z -Q16F887 \
  -oC:\Users\Usuario\AppData\Local\Temp\xcAs6uo.4 --defsym=__MPLAB_BUILD=1 \
  -Mdist/default/production/lucesproject.X.production.map \
  --md=C:\Users\Usuario\AppData\Local\Temp\xcAs6uo.dat -E1 \
  -ver=XC8 Compiler --acfsm=1493 -ACODE=00h-07FFhx4 -ASTRCODE=00h-01FFFh \
  -ASTRING=00h-0FFhx32 -ACONST=00h-0FFhx32 -AENTRY=00h-0FFhx32 \
  -ACOMMON=070h-07Fh -ABANK0=020h-06Fh -ABANK1=0A0h-0EFh \
  -ABANK2=0110h-016Fh -ABANK3=0190h-01EFh \
  -ARAM=020h-06Fh,0A0h-0EFh,0110h-016Fh,0190h-01EFh \
  -AABS1=020h-07Fh,0A0h-0EFh,0110h-016Fh,0190h-01EFh -ASFR0=00h-01Fh \
  -ASFR1=080h-09Fh -ASFR2=0100h-010Fh -ASFR3=0180h-018Fh \
  -ACONFIG=02007h-02008h -DCONFIG=2 -AIDLOC=02000h-02003h -DIDLOC=2 \
  -AEEDATA=00h-0FFh/02100h -peeprom_data=EEDATA -DEEDATA=2 -DCODE=2 \
  -DSTRCODE=2 -DSTRING=2 -DCONST=2 -DENTRY=2 \
  -preset_vec=00h,intentry,init,end_init -ppowerup=CODE -pcinit=CODE \
  -pfunctab=ENTRY -k C:\Users\Usuario\AppData\Local\Temp\xcAs6uo.o \
  dist/default/production\lucesproject.X.production.o 

Object code version is 3.11

Machine type is 16F887



                Name                               Link     Load   Length Selector   Space Scale
C:\Users\Usuario\AppData\Local\Temp\xcAs6uo.o
                end_init                              0        0        3        0       0
                config                             2007     2007        2        0       4
dist/default/production\lucesproject.X.production.o
                cinit                               7CD      7CD       33      F9A       0
                config                             2007     2007        2        0       4
                text26                              8AD      8AD       15     115A       0
                text25                              A7C      A7C       3D     14F8       0
                text24                              9D6      9D6       36     13AC       0
                text23                              89D      89D       10     113A       0
                text22                              953      953       2A     12A6       0
                text21                              A0C      A0C       36     1418       0
                text20                              8E0      8E0       26     11C0       0
                text19                              97D      97D       2C     12FA       0
                text18                              C43      C43       9D     1886       0
                text17                                3        3      1DD        0       0
                text16                              92C      92C       27     1258       0
                text15                              46C      46C      361      8D8       0
                text14                              BC7      BC7       7C     178E       0
                text13                              CE0      CE0       BC     19C0       0
                text12                              D9C      D9C       BE     1B38       0
                text11                              E5A      E5A       BE     1CB4       0
                text10                              AB9      AB9       43     1572       0
                text9                               AFC      AFC       43     15F8       0
                text8                               B3F      B3F       44     167E       0
                text7                               893      893        A     1126       0
                text6                               906      906       26     120C       0
                text5                               B83      B83       44     1706       0
                text4                               A42      A42       3A     1484       0
                text3                               F18      F18       E8     1E30       0
                text2                               9A9      9A9       2D     1352       0
                text1                               8C2      8C2       1E     1184       0
                maintext                            1E0      1E0      28C      3C0       0
                cstackBANK0                          20       20       4F       20       1
                cstackCOMMON                         70       70        E       70       1
                cstackBANK1                          D6       D6        9       A0       1
                clrtext                             88B      88B        8     1116       0
                bssBANK3                            190      190       32      190       1
                dataBANK1                            DF       DF        4       A0       1
                bssBANK1                             A0       A0       36       A0       1
                bssBANK0                             6F       6F        1       20       1
                strings                             800      800       74     1000       0
                idataBANK1                          887      887        4     110E       0

TOTAL           Name                               Link     Load   Length     Space
        CLASS   CODE           
                end_init                              0        0        3         0
                cinit                               7CD      7CD       33         0
                text26                              8AD      8AD       15         0
                text25                              A7C      A7C       3D         0
                text24                              9D6      9D6       36         0
                text23                              89D      89D       10         0
                text22                              953      953       2A         0
                text21                              A0C      A0C       36         0
                text20                              8E0      8E0       26         0
                text19                              97D      97D       2C         0
                text18                              C43      C43       9D         0
                text17                                3        3      1DD         0
                text16                              92C      92C       27         0
                text15                              46C      46C      361         0
                text14                              BC7      BC7       7C         0
                text13                              CE0      CE0       BC         0
                text12                              D9C      D9C       BE         0
                text11                              E5A      E5A       BE         0
                text10                              AB9      AB9       43         0
                text9                               AFC      AFC       43         0
                text8                               B3F      B3F       44         0
                text7                               893      893        A         0
                text6                               906      906       26         0
                text5                               B83      B83       44         0
                text4                               A42      A42       3A         0
                text3                               F18      F18       E8         0
                text2                               9A9      9A9       2D         0
                text1                               8C2      8C2       1E         0
                maintext                            1E0      1E0      28C         0
                clrtext                             88B      88B        8         0
                idataBANK1                          887      887        4         0

        CLASS   STRCODE        

        CLASS   STRING         
                strings                             800      800       74         0

        CLASS   CONST          

        CLASS   ENTRY          

        CLASS   COMMON         
                cstackCOMMON                         70       70        E         1

        CLASS   BANK0          
                cstackBANK0                          20       20       4F         1
                bssBANK0                             6F       6F        1         1

        CLASS   BANK1          
                cstackBANK1                          D6       D6        9         1
                dataBANK1                            DF       DF        4         1
                bssBANK1                             A0       A0       36         1

        CLASS   BANK2          

        CLASS   BANK3          
                bssBANK3                            190      190       32         1

        CLASS   RAM            

        CLASS   ABS1           
                abs_s1                               7E       7E        2         1

        CLASS   SFR0           

        CLASS   SFR1           

        CLASS   SFR2           

        CLASS   SFR3           

        CLASS   CONFIG         
                config                             2007     2007        2         4

        CLASS   IDLOC          

        CLASS   EEDATA         

        CLASS   STACK          



SEGMENTS        Name                           Load    Length   Top    Selector   Space  Class     Delta

                reset_vec                      000000  0001E0  0001E0         0       0  CODE        2
                cstackBANK0                    000020  000050  000070        20       1  BANK0       1
                cstackCOMMON                   000070  00000E  00007E        70       1  COMMON      1
                bssBANK1                       0000A0  000043  0000E3        A0       1  BANK1       1
                bssBANK3                       000190  000032  0001C2       190       1  BANK3       1
                maintext                       0001E0  00028C  00046C       3C0       0  CODE        2
                text15                         00046C  000361  0007CD       8D8       0  CODE        2
                cinit                          0007CD  000033  000800       F9A       0  CODE        2
                strings                        000800  000074  000874      1000       0  STRING      2
                idataBANK1                     000887  000004  00088B      110E       0  CODE        2
                clrtext                        00088B  000008  000893      1116       0  CODE        2
                text7                          000893  00000A  00089D      1126       0  CODE        2
                text23                         00089D  000010  0008AD      113A       0  CODE        2
                text26                         0008AD  000015  0008C2      115A       0  CODE        2
                text1                          0008C2  00001E  0008E0      1184       0  CODE        2
                text20                         0008E0  000026  000906      11C0       0  CODE        2
                text6                          000906  000026  00092C      120C       0  CODE        2
                text16                         00092C  000027  000953      1258       0  CODE        2
                text22                         000953  00002A  00097D      12A6       0  CODE        2
                text19                         00097D  00002C  0009A9      12FA       0  CODE        2
                text2                          0009A9  00002D  0009D6      1352       0  CODE        2
                text24                         0009D6  000036  000A0C      13AC       0  CODE        2
                text21                         000A0C  000036  000A42      1418       0  CODE        2
                text4                          000A42  00003A  000A7C      1484       0  CODE        2
                text25                         000A7C  00003D  000AB9      14F8       0  CODE        2
                text10                         000AB9  000043  000AFC      1572       0  CODE        2
                text9                          000AFC  000043  000B3F      15F8       0  CODE        2
                text8                          000B3F  000044  000B83      167E       0  CODE        2
                text5                          000B83  000044  000BC7      1706       0  CODE        2
                text14                         000BC7  00007C  000C43      178E       0  CODE        2
                text18                         000C43  00009D  000CE0      1886       0  CODE        2
                text13                         000CE0  0000BC  000D9C      19C0       0  CODE        2
                text12                         000D9C  0000BE  000E5A      1B38       0  CODE        2
                text11                         000E5A  0000BE  000F18      1CB4       0  CODE        2
                text3                          000F18  0000E8  001000      1E30       0  CODE        2


UNUSED ADDRESS RANGES

        Name                Unused          Largest block    Delta
        BANK1            00E3-00EF              D           1
        BANK2            0110-016F             60           1
        BANK3            01C2-01EF             2E           1
        CODE             0874-0886             13           2
                         1000-1FFF            800
        CONST            0874-0886             13           2
                         1000-1FFF            100
        EEDATA           2100-21FF            100           2
        ENTRY            0874-0886             13           2
                         1000-1FFF            100
        IDLOC            2000-2003              4           2
        RAM              00E3-00EF              D           1
                         0110-016F             60
                         01C2-01EF             2E
        SFR0             0000-001F             20           1
        SFR1             0080-009F             20           1
        SFR2             0100-010F             10           1
        SFR3             0180-018F             10           1
        STRCODE          0874-0886             13           2
                         1000-1FFF           1000
        STRING           0874-0886             13           2
                         1000-1FFF            100

                                  Symbol Table

?_ADC_Read                cstackCOMMON 0070
?__Umul8_16               cstackCOMMON 0070
?___aldiv                 cstackCOMMON 0070
?___fldiv                 cstackBANK0  0030
?___flmul                 cstackBANK0  004A
?___fltol                 cstackBANK0  0064
?___lwdiv                 cstackCOMMON 0070
?___lwmod                 cstackCOMMON 0078
?___xxtofl                cstackBANK0  0026
?_sprintf                 cstackBANK0  0020
ADC_Read@channel          cstackCOMMON 0070
ADC_Read@digital          cstackCOMMON 0075
LCD_Char@dat              cstackCOMMON 0072
LCD_Command@cmd           cstackCOMMON 0072
LCD_String@msg            cstackCOMMON 0073
LCD_String_xy@location    cstackCOMMON 0079
LCD_String_xy@msg         cstackCOMMON 0076
LCD_String_xy@pos         cstackCOMMON 0075
LCD_String_xy@row         cstackCOMMON 0078
PWM_Duty2@duty            cstackBANK1  00D6
PWM_Duty@duty             cstackBANK1  00D6
USART_Init@baud_rate      cstackBANK0  0026
USART_SendString@out      cstackCOMMON 0071
USART_TxChar@out          cstackCOMMON 0070
_ADCON0                   (abs)        001F
_ADCON0bits               (abs)        001F
_ADCON1bits               (abs)        009F
_ADC_Init                 text26       08AD
_ADC_Read                 text25       0A7C
_ADON                     (abs)        00F8
_ADRESH                   (abs)        001E
_ADRESL                   (abs)        009E
_ANSEL                    (abs)        0188
_CCP1M2                   (abs)        00BA
_CCP1M3                   (abs)        00BB
_CCP2M2                   (abs)        00EA
_CCP2M3                   (abs)        00EB
_CCPR1L                   (abs)        0015
_CCPR2L                   (abs)        001B
_CREN                     (abs)        00C4
_DC1B0                    (abs)        00BC
_DC1B1                    (abs)        00BD
_DC2B0                    (abs)        00EC
_DC2B1                    (abs)        00ED
_GO                       (abs)        00F9
_LCD_Char                 text21       0A0C
_LCD_Clear                text23       089D
_LCD_Command              text24       09D6
_LCD_Init                 text22       0953
_LCD_String               text20       08E0
_LCD_String_xy            text19       097D
_OSCCON                   (abs)        008F
_PORTD                    (abs)        0008
_PORTDbits                (abs)        0008
_PR2                      (abs)        0092
_PWM_Duty                 text12       0D9C
_PWM_Duty2                text11       0E5A
_PWM_Inicializar          text10       0AB9
_PWM_Inicializar2         text9        0AFC
_RCIF                     (abs)        0065
_RCREG                    (abs)        001A
_RCSTA                    (abs)        0018
_RCSTAbits                (abs)        0018
_SPBRG                    (abs)        0099
_T2CKPS0                  (abs)        0090
_T2CKPS1                  (abs)        0091
_TMR2ON                   (abs)        0092
_TRISA0                   (abs)        0428
_TRISA1                   (abs)        0429
_TRISA2                   (abs)        042A
_TRISB                    (abs)        0086
_TRISB2                   (abs)        0432
_TRISC                    (abs)        0087
_TRISC2                   (abs)        043A
_TRISC6                   (abs)        043E
_TRISC7                   (abs)        043F
_TRISD                    (abs)        0088
_TRISE                    (abs)        0089
_TXIF                     (abs)        0064
_TXREG                    (abs)        0019
_TXSTA                    (abs)        0098
_USART_Init               text8        0B3F
_USART_Init$1010          cstackCOMMON 0079
_USART_SendString         text6        0906
_USART_TxChar             text7        0893
__Habs1                   abs1         0000
__Hbank0                  bank0        0000
__Hbank1                  bank1        0000
__Hbank2                  bank2        0000
__Hbank3                  bank3        0000
__HbssBANK0               bssBANK0     0000
__HbssBANK1               bssBANK1     0000
__HbssBANK3               bssBANK3     0000
__Hcinit                  cinit        0800
__Hclrtext                clrtext      0000
__Hcode                   code         0000
__Hcommon                 common       0000
__Hconfig                 config       2009
__HcstackBANK0            cstackBANK0  0000
__HcstackBANK1            cstackBANK1  0000
__HcstackCOMMON           cstackCOMMON 0000
__HdataBANK1              dataBANK1    0000
__Heeprom_data            eeprom_data  0000
__Hend_init               end_init     0003
__Hfunctab                functab      0000
__HidataBANK1             idataBANK1   0000
__Hinit                   init         0000
__Hintentry               intentry     0000
__Hmaintext               maintext     0000
__Hpowerup                powerup      0000
__Hram                    ram          0000
__Hreset_vec              reset_vec    0000
__Hsfr0                   sfr0         0000
__Hsfr1                   sfr1         0000
__Hsfr2                   sfr2         0000
__Hsfr3                   sfr3         0000
__Hspace_0                (abs)        1000
__Hspace_1                (abs)        01C2
__Hspace_2                (abs)        0000
__Hspace_3                (abs)        0000
__Hspace_4                (abs)        4010
__Hstack                  stack        0000
__Hstrings                strings      0000
__Htext                   text         0000
__Labs1                   abs1         0000
__Lbank0                  bank0        0000
__Lbank1                  bank1        0000
__Lbank2                  bank2        0000
__Lbank3                  bank3        0000
__LbssBANK0               bssBANK0     0000
__LbssBANK1               bssBANK1     0000
__LbssBANK3               bssBANK3     0000
__Lcinit                  cinit        07CD
__Lclrtext                clrtext      0000
__Lcode                   code         0000
__Lcommon                 common       0000
__Lconfig                 config       0000
__LcstackBANK0            cstackBANK0  0000
__LcstackBANK1            cstackBANK1  0000
__LcstackCOMMON           cstackCOMMON 0000
__LdataBANK1              dataBANK1    0000
__Leeprom_data            eeprom_data  0000
__Lend_init               end_init     0000
__Lfunctab                functab      0000
__LidataBANK1             idataBANK1   0000
__Linit                   init         0000
__Lintentry               intentry     0000
__Lmaintext               maintext     0000
__Lpowerup                powerup      0000
__Lram                    ram          0000
__Lreset_vec              reset_vec    0000
__Lsfr0                   sfr0         0000
__Lsfr1                   sfr1         0000
__Lsfr2                   sfr2         0000
__Lsfr3                   sfr3         0000
__Lspace_0                (abs)        0000
__Lspace_1                (abs)        0000
__Lspace_2                (abs)        0000
__Lspace_3                (abs)        0000
__Lspace_4                (abs)        0000
__Lstack                  stack        0000
__Lstrings                strings      0000
__Ltext                   text         0000
__S0                      (abs)        1000
__S1                      (abs)        01C2
__S3                      (abs)        0000
__Umul8_16                text16       092C
__Umul8_16@multiplicand   cstackCOMMON 0070
__Umul8_16@multiplier     cstackCOMMON 0078
__Umul8_16@product        cstackCOMMON 0074
__Umul8_16@word_mpld      cstackCOMMON 0076
___aldiv                  text18       0C43
___aldiv@counter          cstackBANK0  0020
___aldiv@dividend         cstackCOMMON 0074
___aldiv@divisor          cstackCOMMON 0070
___aldiv@quotient         cstackBANK0  0022
___aldiv@sign             cstackBANK0  0021
___fldiv                  text17       0003
___fldiv@a                cstackBANK0  0030
___fldiv@aexp             cstackBANK0  0049
___fldiv@b                cstackBANK0  0034
___fldiv@bexp             cstackBANK0  0048
___fldiv@grs              cstackBANK0  0044
___fldiv@new_exp          cstackBANK0  0042
___fldiv@rem              cstackBANK0  003D
___fldiv@sign             cstackBANK0  0041
___flmul                  text15       046C
___flmul@a                cstackBANK0  004E
___flmul@aexp             cstackBANK0  005C
___flmul@b                cstackBANK0  004A
___flmul@bexp             cstackBANK0  005D
___flmul@grs              cstackBANK0  0058
___flmul@prod             cstackBANK0  005E
___flmul@sign             cstackBANK0  0057
___flmul@temp             cstackBANK0  0062
___fltol                  text14       0BC7
___fltol@exp1             cstackBANK0  006E
___fltol@f1               cstackBANK0  0064
___fltol@sign1            cstackBANK0  006D
___int_sp                 stack        0000
___latbits                (abs)        0002
___lwdiv                  text5        0B83
___lwdiv@counter          cstackCOMMON 0077
___lwdiv@dividend         cstackCOMMON 0072
___lwdiv@divisor          cstackCOMMON 0070
___lwdiv@quotient         cstackCOMMON 0075
___lwmod                  text4        0A42
___lwmod@counter          cstackCOMMON 007D
___lwmod@dividend         cstackCOMMON 007A
___lwmod@divisor          cstackCOMMON 0078
___sp                     stack        0000
___stackhi                (abs)        0000
___stacklo                (abs)        0000
___xxtofl                 text13       0CE0
___xxtofl@arg             cstackBANK0  002C
___xxtofl@exp             cstackBANK0  002B
___xxtofl@sign            cstackBANK0  002A
___xxtofl@val             cstackBANK0  0026
__end_of_ADC_Init         text26       08C2
__end_of_ADC_Read         text25       0AB9
__end_of_LCD_Char         text21       0A42
__end_of_LCD_Clear        text23       08AD
__end_of_LCD_Command      text24       0A0C
__end_of_LCD_Init         text22       097D
__end_of_LCD_String       text20       0906
__end_of_LCD_String_xy    text19       09A9
__end_of_PWM_Duty         text12       0E5A
__end_of_PWM_Duty2        text11       0F18
__end_of_PWM_Inicializar  text10       0AFC
__end_of_PWM_Inicializar2 text9        0B3F
__end_of_USART_Init       text8        0B83
__end_of_USART_SendString text6        092C
__end_of_USART_TxChar     text7        089D
__end_of__Umul8_16        text16       0953
__end_of___aldiv          text18       0CE0
__end_of___fldiv          text17       01E0
__end_of___flmul          text15       07CD
__end_of___fltol          text14       0C43
__end_of___lwdiv          text5        0BC7
__end_of___lwmod          text4        0A7C
__end_of___xxtofl         text13       0D9C
__end_of__initialization  cinit        07FC
__end_of__stringtab       strings      0810
__end_of_dpowers          strings      081A
__end_of_main             maintext     046C
__end_of_sprintf          text3        1000
__end_of_strcat           text2        09D6
__end_of_strcpy           text1        08E0
__initialization          cinit        07CD
__pbssBANK0               bssBANK0     006F
__pbssBANK1               bssBANK1     00A0
__pbssBANK3               bssBANK3     0190
__pcstackBANK0            cstackBANK0  0020
__pcstackBANK1            cstackBANK1  00D6
__pcstackCOMMON           cstackCOMMON 0070
__pdataBANK1              dataBANK1    00DF
__pidataBANK1             idataBANK1   0887
__pmaintext               maintext     01E0
__pstrings                strings      0800
__ptext1                  text1        08C2
__ptext10                 text10       0AB9
__ptext11                 text11       0E5A
__ptext12                 text12       0D9C
__ptext13                 text13       0CE0
__ptext14                 text14       0BC7
__ptext15                 text15       046C
__ptext16                 text16       092C
__ptext17                 text17       0003
__ptext18                 text18       0C43
__ptext19                 text19       097D
__ptext2                  text2        09A9
__ptext20                 text20       08E0
__ptext21                 text21       0A0C
__ptext22                 text22       0953
__ptext23                 text23       089D
__ptext24                 text24       09D6
__ptext25                 text25       0A7C
__ptext26                 text26       08AD
__ptext3                  text3        0F18
__ptext4                  text4        0A42
__ptext5                  text5        0B83
__ptext6                  text6        0906
__ptext7                  text7        0893
__ptext8                  text8        0B3F
__ptext9                  text9        0AFC
__stringbase              strings      080F
__stringtab               strings      0800
_bloque1                  bssBANK1     00C4
_bloque2                  bssBANK1     00C0
_dpowers                  strings      0810
_luz                      bssBANK1     00CC
_main                     maintext     01E0
_pwmFrecuencia            dataBANK1    00DF
_sensorLuz                bssBANK1     00C8
_sensorSalida1            bssBANK1     00D3
_sensorSalida2            bssBANK1     00D0
_sprintf                  text3        0F18
_strcat                   text2        09A9
_strcpy                   text1        08C2
_stringBT                 bssBANK3     0190
btemp                     (abs)        007E
clear_ram0                clrtext      088B
end_of_initialization     cinit        07FC
intlevel0                 functab      0000
intlevel1                 functab      0000
intlevel2                 functab      0000
intlevel3                 functab      0000
intlevel4                 functab      0000
intlevel5                 functab      0000
reset_vec                 reset_vec    0000
sprintf@ap                cstackBANK0  0026
sprintf@c                 cstackBANK0  002C
sprintf@f                 cstackBANK0  0020
sprintf@flag              cstackBANK0  0027
sprintf@prec              cstackBANK0  0028
sprintf@sp                cstackBANK0  002B
sprintf@val               cstackBANK0  0029
start                     init         0000
start_initialization      cinit        07CD
strcat@cp                 cstackCOMMON 0072
strcat@from               cstackCOMMON 0070
strcat@to                 cstackCOMMON 0073
strcpy@cp                 cstackCOMMON 0073
strcpy@from               cstackCOMMON 0070
strcpy@to                 cstackCOMMON 0072
wtemp0                    (abs)        007E


MODULE INFORMATION

Module		Function		Class		Link	Load	Size
C:\Program Files\Microchip\xc8\v2.36\pic\sources\c90\common\doprnt.c
		_sprintf       		CODE           	0F18	0000	232

C:\Program Files\Microchip\xc8\v2.36\pic\sources\c90\common\doprnt.c estimated size: 232

C:\Program Files\Microchip\xc8\v2.36\pic\sources\c90\common\lwmod.c
		___lwmod       		CODE           	0A42	0000	58

C:\Program Files\Microchip\xc8\v2.36\pic\sources\c90\common\lwmod.c estimated size: 58

uart.c
		_USART_TxChar  		CODE           	0893	0000	10
		_USART_SendString		CODE           	0906	0000	38
		_USART_Init    		CODE           	0B3F	0000	68

uart.c estimated size: 116

C:\Program Files\Microchip\xc8\v2.36\pic\sources\c90\common\lwdiv.c
		___lwdiv       		CODE           	0B83	0000	68

C:\Program Files\Microchip\xc8\v2.36\pic\sources\c90\common\lwdiv.c estimated size: 68

C:\Program Files\Microchip\xc8\v2.36\pic\sources\c90\common\sprcmul.c
		___flmul       		CODE           	046C	0000	865

C:\Program Files\Microchip\xc8\v2.36\pic\sources\c90\common\sprcmul.c estimated size: 865

adc.c
		_ADC_Read      		CODE           	0A7C	0000	61
		_ADC_Init      		CODE           	08AD	0000	21

adc.c estimated size: 82

C:\Program Files\Microchip\xc8\v2.36\pic\sources\c90\common\fltol.c
		___fltol       		CODE           	0BC7	0000	124

C:\Program Files\Microchip\xc8\v2.36\pic\sources\c90\common\fltol.c estimated size: 124

C:\Program Files\Microchip\xc8\v2.36\pic\sources\c90\common\sprcdiv.c
		___fldiv       		CODE           	0003	0000	477

C:\Program Files\Microchip\xc8\v2.36\pic\sources\c90\common\sprcdiv.c estimated size: 477

C:\Program Files\Microchip\xc8\v2.36\pic\sources\c90\common\aldiv.c
		___aldiv       		CODE           	0C43	0000	157

C:\Program Files\Microchip\xc8\v2.36\pic\sources\c90\common\aldiv.c estimated size: 157

shared
		__stringtab    		STRING         	0800	0000	16
		_dpowers       		STRING         	0810	0000	10
		__initialization		CODE           	07CD	0000	47

shared estimated size: 73

C:\Program Files\Microchip\xc8\v2.36\pic\sources\c90\common\strcat.c
		_strcat        		CODE           	09A9	0000	45

C:\Program Files\Microchip\xc8\v2.36\pic\sources\c90\common\strcat.c estimated size: 45

C:\Program Files\Microchip\xc8\v2.36\pic\sources\c90\common\xxtofl.c
		___xxtofl      		CODE           	0CE0	0000	188

C:\Program Files\Microchip\xc8\v2.36\pic\sources\c90\common\xxtofl.c estimated size: 188

C:\Program Files\Microchip\xc8\v2.36\pic\sources\c90\common\strcpy.c
		_strcpy        		CODE           	08C2	0000	30

C:\Program Files\Microchip\xc8\v2.36\pic\sources\c90\common\strcpy.c estimated size: 30

elnewmain.c
		_PWM_Duty      		CODE           	0D9C	0000	190
		_PWM_Duty2     		CODE           	0E5A	0000	190
		_main          		CODE           	01E0	0000	652
		_PWM_Inicializar		CODE           	0AB9	0000	67
		_PWM_Inicializar2		CODE           	0AFC	0000	67

elnewmain.c estimated size: 1166

C:\Program Files\Microchip\xc8\v2.36\pic\sources\c90\common\Umul8_16.c
		__Umul8_16     		CODE           	092C	0000	39

C:\Program Files\Microchip\xc8\v2.36\pic\sources\c90\common\Umul8_16.c estimated size: 39

LCD.c
		_LCD_String    		CODE           	08E0	0000	38
		_LCD_Init      		CODE           	0953	0000	42
		_LCD_Command   		CODE           	09D6	0000	54
		_LCD_String_xy 		CODE           	097D	0000	44
		_LCD_Char      		CODE           	0A0C	0000	54
		_LCD_Clear     		CODE           	089D	0000	16

LCD.c estimated size: 248

